# valueOfName
valueOfDesc

<!--lang:es-->
# Uso
<!--lang:en--]
# Usage
[!--lang:*-->
```sh
$ npm install valueOfName
```

<!--multilang v0 es:LEEME.md en:README.md -->

valueOfCucardas

<!--multilang buttons-->

idioma: ![castellano](https://raw.githubusercontent.com/codenautas/multilang/master/img/lang-es.png)
también disponible en:
[![inglés](https://raw.githubusercontent.com/codenautas/multilang/master/img/lang-en.png)](README.md)

<!--lang:*-->

## License

[MIT](LICENSE)

----------------